// Jest Snapshot v1, https://goo.gl/fbAQLP

exports[`renders a spinner 1`] = `
<div
  className="LoadingSpinner-root-13"
>
  <div
    className="LoadingSpinner-progress-14"
  >
    <div
      className="MuiCircularProgress-root-15 MuiCircularProgress-colorPrimary-18 MuiCircularProgress-indeterminate-17"
      mode="indeterminate"
      role="progressbar"
      style={
        Object {
          "height": 80,
          "width": 80,
        }
      }
    >
      <svg
        className="MuiCircularProgress-svg-20"
        viewBox="22 22 44 44"
      >
        <circle
          className="MuiCircularProgress-circle-21 MuiCircularProgress-circleIndeterminate-23"
          cx={44}
          cy={44}
          fill="none"
          r={20.2}
          strokeWidth={3.6}
          style={Object {}}
        />
      </svg>
    </div>
  </div>
</div>
`;
